{"id":5750751760285,"email":null,"name":"Caller +1 (531) 223-1474","active":true,"alias":null,"chatOnly":null,"createdAt":"2022-07-01T15:48:33Z","customRoleId":null,"roleType":null,"details":null,"externalId":null,"lastLoginAt":null,"locale":"en-US","localeId":1,"moderator":false,"notes":null,"onlyPublicComments":null,"organizationId":null,"defaultGroupId":null,"phone":"+15312231474","sharedPhoneNumber":false,"iana_time_zone":"Asia/Kolkata","photo":null,"restrictedAgent":true,"role":"end-user","shared":false,"sharedAgent":false,"signature":null,"suspended":false,"tags":[],"ticketRestriction":"requested","timeZone":"Asia/Kolkata","twoFactorAuthEnabled":false,"updatedAt":"2022-07-01T15:48:33Z","url":"https://cloudsufi.zendesk.com/api/v2/users/5750751760285.json","userFields":{},"verified":true,"reportCsv":false}
{"id":5594668335005,"email":"poojan.trivedi0208@gmail.com","name":"PoojanCustomer","active":true,"alias":null,"chatOnly":null,"createdAt":"2022-06-19T19:53:04Z","customRoleId":null,"roleType":null,"details":null,"externalId":null,"lastLoginAt":"2022-07-04T08:07:27Z","locale":"en-US","localeId":1,"moderator":false,"notes":null,"onlyPublicComments":null,"organizationId":null,"defaultGroupId":null,"phone":null,"sharedPhoneNumber":null,"iana_time_zone":"Asia/Kolkata","photo":null,"restrictedAgent":true,"role":"end-user","shared":false,"sharedAgent":false,"signature":null,"suspended":false,"tags":[],"ticketRestriction":"requested","timeZone":"Asia/Kolkata","twoFactorAuthEnabled":false,"updatedAt":"2022-07-04T08:07:27Z","url":"https://cloudsufi.zendesk.com/api/v2/users/5594668335005.json","userFields":{},"verified":true,"reportCsv":false}
{"id":5449860535965,"email":"poojan.trivedi@cloudsufi.com","name":"Poojan Trivedi","active":true,"alias":"","chatOnly":null,"createdAt":"2022-06-08T14:01:54Z","customRoleId":5281742806429,"roleType":4,"details":"","externalId":null,"lastLoginAt":"2022-07-08T17:47:32Z","locale":"en-US","localeId":1,"moderator":true,"notes":"","onlyPublicComments":null,"organizationId":5281691916573,"defaultGroupId":5281674907293,"phone":null,"sharedPhoneNumber":null,"iana_time_zone":"Asia/Kolkata","photo":null,"restrictedAgent":false,"role":"admin","shared":false,"sharedAgent":false,"signature":"","suspended":false,"tags":[],"ticketRestriction":null,"timeZone":"Asia/Kolkata","twoFactorAuthEnabled":null,"updatedAt":"2022-07-08T17:47:32Z","url":"https://cloudsufi.zendesk.com/api/v2/users/5449860535965.json","userFields":{},"verified":true,"reportCsv":true}
{"id":6194677698461,"email":"commissaire.chambon22@gmail.com","name":"INFO","active":true,"alias":null,"chatOnly":null,"createdAt":"2022-08-04T22:43:56Z","customRoleId":null,"roleType":null,"details":null,"externalId":null,"lastLoginAt":null,"locale":"en-US","localeId":1,"moderator":false,"notes":null,"onlyPublicComments":null,"organizationId":null,"defaultGroupId":null,"phone":null,"sharedPhoneNumber":null,"iana_time_zone":"Asia/Kolkata","photo":null,"restrictedAgent":true,"role":"end-user","shared":false,"sharedAgent":false,"signature":null,"suspended":false,"tags":[],"ticketRestriction":"requested","timeZone":"Asia/Kolkata","twoFactorAuthEnabled":false,"updatedAt":"2022-08-04T22:43:56Z","url":"https://cloudsufi.zendesk.com/api/v2/users/6194677698461.json","userFields":{},"verified":false,"reportCsv":false}
