{"createdAt":"2022-06-28T07:02:08Z","default":false,"deleted":false,"description":"","id":5702248917277,"is_public":true,"name":"june28_1","updatedAt":"2022-06-28T07:02:08Z","url":"https://cloudsufi.zendesk.com/api/v2/groups/5702248917277.json"}
{"createdAt":"2022-06-28T07:02:16Z","default":false,"deleted":false,"description":"","id":5702220951197,"is_public":true,"name":"june28_2","updatedAt":"2022-06-28T07:02:16Z","url":"https://cloudsufi.zendesk.com/api/v2/groups/5702220951197.json"}
{"createdAt":"2022-06-28T07:02:22Z","default":false,"deleted":false,"description":"","id":5702237944477,"is_public":true,"name":"june28_3","updatedAt":"2022-06-28T07:02:22Z","url":"https://cloudsufi.zendesk.com/api/v2/groups/5702237944477.json"}
{"createdAt":"2022-06-28T07:02:31Z","default":false,"deleted":false,"description":"","id":5702238282397,"is_public":true,"name":"june28_4","updatedAt":"2022-06-28T07:02:31Z","url":"https://cloudsufi.zendesk.com/api/v2/groups/5702238282397.json"}
{"createdAt":"2022-05-25T04:18:59Z","default":true,"deleted":false,"description":"","id":5281674907293,"is_public":true,"name":"Support","updatedAt":"2022-05-25T04:18:59Z","url":"https://cloudsufi.zendesk.com/api/v2/groups/5281674907293.json"}
{"createdAt":"2022-08-15T13:40:33Z","default":false,"deleted":false,"description":"","id":6328289794973,"is_public":true,"name":"Test Group","updatedAt":"2022-08-15T13:40:33Z","url":"https://cloudsufi.zendesk.com/api/v2/groups/6328289794973.json"}
{"createdAt":"2022-06-08T09:58:03Z","default":false,"deleted":false,"description":"Sample Group","id":5446908715549,"is_public":true,"name":"Test_Group_VK","updatedAt":"2022-06-08T09:58:03Z","url":"https://cloudsufi.zendesk.com/api/v2/groups/5446908715549.json"}
{"createdAt":"2022-06-23T10:57:11Z","default":false,"deleted":false,"description":"regressionv123","id":5645781946141,"is_public":true,"name":"june23","updatedAt":"2022-06-23T10:57:11Z","url":"https://cloudsufi.zendesk.com/api/v2/groups/5645781946141.json"}
{"createdAt":"2022-06-20T10:40:30Z","default":false,"deleted":false,"description":"testing in june","id":5602787968413,"is_public":true,"name":"June_Groups","updatedAt":"2022-06-20T10:40:30Z","url":"https://cloudsufi.zendesk.com/api/v2/groups/5602787968413.json"}
