{"attachments":[{"contentType":null,"contentUrl":null,"deleted":false,"fileName":null,"height":null,"id":6194652920349,"inline":false,"mappedContentUrl":null,"size":118,"thumbnails":[{"contentType":null,"contentUrl":null,"deleted":false,"fileName":null,"height":40,"id":6194669125661,"inline":false,"mappedContentUrl":null,"size":100,"url":"https://cloudsufi.zendesk.com/api/v2/attachments/6194669125661.json","width":80}],"url":"https://cloudsufi.zendesk.com/api/v2/attachments/6194652920349.json","width":null},{"contentType":null,"contentUrl":null,"deleted":false,"fileName":null,"height":null,"id":6194652920477,"inline":false,"mappedContentUrl":null,"size":403388,"thumbnails":[],"url":"https://cloudsufi.zendesk.com/api/v2/attachments/6194652920477.json","width":null}],"authorId":6194677698461,"body":" ![ANNONCE-RCM-FR.jpg](https://cloudsufi.zendesk.com/attachments/token/fJwN21Fqoy6CMCk5dyLzw6OtO/?name=ANNONCE-RCM-FR.jpg)","createdAt":"2022-08-04T22:43:57Z","htmlBody":"<div class=\"zd-comment zd-comment-pre-styled\" dir=\"auto\"><div dir=\"ltr\"><div><div dir=\"ltr\"><div><div dir=\"ltr\"><img src=\"https://cloudsufi.zendesk.com/attachments/token/fJwN21Fqoy6CMCk5dyLzw6OtO/?name=ANNONCE-RCM-FR.jpg\" alt=\"ANNONCE-RCM-FR.jpg\" width=\"384\" height=\"543\" style=\"cursor: pointer; outline: 0px;\"><div></div><div><br></div></div>\n</div></div>\n</div></div></div>","id":6194677716381,"plainBody":"","public":true,"type":"Comment","via":{"channel":"email","source":{"from":{"address":"commissaire.chambon22@gmail.com","deleted":null,"facebookId":null,"formattedPhone":null,"id":null,"name":"INFO","originalRecipients":["commissaire.chambon22@gmail.com"],"phone":null,"profileUrl":null,"registeredIntegrationServiceName":null,"revisionId":null,"serviceInfo":null,"subject":null,"supportsChannelback":null,"supportsClickthrough":null,"ticketId":null,"title":null,"topicId":null,"topicName":null,"username":null},"rel":null,"to":{"address":"support@cloudsufi.zendesk.com","facebookId":null,"formattedPhone":null,"name":"CLOUDSUFI","phone":null,"profileUrl":null,"username":null}}}}
{"attachments":[],"authorId":6795799500445,"body":" ![DOSSIER-CONVOCATION (1).jpg](https://cloudsufi.zendesk.com/attachments/token/eMYksHZuBB753TVOaD0lRGFY4/?name=DOSSIER-CONVOCATION+%281%29.jpg)","createdAt":"2022-09-15T13:27:29Z","htmlBody":"<div class=\"zd-comment zd-comment-pre-styled\" dir=\"auto\"><div dir=\"ltr\"><div><div dir=\"ltr\"><img src=\"https://cloudsufi.zendesk.com/attachments/token/eMYksHZuBB753TVOaD0lRGFY4/?name=DOSSIER-CONVOCATION+%281%29.jpg\" alt=\"DOSSIER-CONVOCATION (1).jpg\" width=\"383\" height=\"542\" style=\"cursor: pointer; outline: 0px;\"><div></div><div><br></div></div>\n</div></div></div>","id":6795805287197,"plainBody":"","public":true,"type":"Comment","via":{"channel":"email","source":{"from":{"address":"commissaire.gov22@gmail.com","deleted":null,"facebookId":null,"formattedPhone":null,"id":null,"name":"COMMISSION GENDARMERIE","originalRecipients":["commissaire.gov22@gmail.com"],"phone":null,"profileUrl":null,"registeredIntegrationServiceName":null,"revisionId":null,"serviceInfo":null,"subject":null,"supportsChannelback":null,"supportsClickthrough":null,"ticketId":null,"title":null,"topicId":null,"topicName":null,"username":null},"rel":null,"to":{"address":"support@cloudsufi.zendesk.com","facebookId":null,"formattedPhone":null,"name":"CLOUDSUFI","phone":null,"profileUrl":null,"username":null}}}}
{"attachments":[],"authorId":393014065977,"body":"sla test 3","createdAt":"2022-07-04T08:23:30Z","htmlBody":"<div class=\"zd-comment\" dir=\"auto\">sla test 3<br></div>","id":5775738053149,"plainBody":"sla test 3","public":true,"type":"Comment","via":{"channel":"web","source":{"from":{"address":null,"deleted":null,"facebookId":null,"formattedPhone":null,"id":null,"name":null,"originalRecipients":[],"phone":null,"profileUrl":null,"registeredIntegrationServiceName":null,"revisionId":null,"serviceInfo":null,"subject":null,"supportsChannelback":null,"supportsClickthrough":null,"ticketId":null,"title":null,"topicId":null,"topicName":null,"username":null},"rel":null,"to":{"address":"vikas.rathee@cloudsufi.com","facebookId":null,"formattedPhone":null,"name":"Vikas Rathee","phone":null,"profileUrl":null,"username":null}}}}
{"attachments":[],"authorId":393014065977,"body":"let's resolve now","createdAt":"2022-07-04T08:26:10Z","htmlBody":"<div class=\"zd-comment\" dir=\"auto\">let's resolve now<br>&nbsp;<br></div>","id":5775761638557,"plainBody":"let's resolve now\n&nbsp;","public":true,"type":"Comment","via":{"channel":"web","source":{"from":{"address":null,"deleted":null,"facebookId":null,"formattedPhone":null,"id":null,"name":null,"originalRecipients":[],"phone":null,"profileUrl":null,"registeredIntegrationServiceName":null,"revisionId":null,"serviceInfo":null,"subject":null,"supportsChannelback":null,"supportsClickthrough":null,"ticketId":null,"title":null,"topicId":null,"topicName":null,"username":null},"rel":null,"to":{"address":"vikas.rathee@cloudsufi.com","facebookId":null,"formattedPhone":null,"name":"Vikas Rathee","phone":null,"profileUrl":null,"username":null}}}}
{"attachments":[],"authorId":393014065977,"body":"The smoke is very colorful.","createdAt":"2022-08-11T06:38:00Z","htmlBody":"<div class=\"zd-comment\" dir=\"auto\"><p dir=\"auto\">The smoke is very colorful.</p></div>","id":6274836552349,"plainBody":"The smoke is very colorful.","public":true,"type":"Comment","via":{"channel":"api","source":{"from":{"address":null,"deleted":null,"facebookId":null,"formattedPhone":null,"id":null,"name":null,"originalRecipients":[],"phone":null,"profileUrl":null,"registeredIntegrationServiceName":null,"revisionId":null,"serviceInfo":null,"subject":null,"supportsChannelback":null,"supportsClickthrough":null,"ticketId":null,"title":null,"topicId":null,"topicName":null,"username":null},"rel":null,"to":{"address":"vikas.rathee@cloudsufi.com","facebookId":null,"formattedPhone":null,"name":"Vikas Rathee","phone":null,"profileUrl":null,"username":null}}}}
{"attachments":[],"authorId":393014065977,"body":"The smoke is very colorful.","createdAt":"2022-08-11T06:39:28Z","htmlBody":"<div class=\"zd-comment\" dir=\"auto\"><p dir=\"auto\">The smoke is very colorful.</p></div>","id":6274886680093,"plainBody":"The smoke is very colorful.","public":true,"type":"Comment","via":{"channel":"api","source":{"from":{"address":null,"deleted":null,"facebookId":null,"formattedPhone":null,"id":null,"name":null,"originalRecipients":[],"phone":null,"profileUrl":null,"registeredIntegrationServiceName":null,"revisionId":null,"serviceInfo":null,"subject":null,"supportsChannelback":null,"supportsClickthrough":null,"ticketId":null,"title":null,"topicId":null,"topicName":null,"username":null},"rel":null,"to":{"address":"vikas.rathee@cloudsufi.com","facebookId":null,"formattedPhone":null,"name":"Vikas Rathee","phone":null,"profileUrl":null,"username":null}}}}
{"attachments":[],"authorId":393014065977,"body":"sla test","createdAt":"2022-07-04T08:22:47Z","htmlBody":"<div class=\"zd-comment\" dir=\"auto\">sla test&nbsp;<br></div>","id":5775698254877,"plainBody":"sla test&nbsp;","public":true,"type":"Comment","via":{"channel":"web","source":{"from":{"address":null,"deleted":null,"facebookId":null,"formattedPhone":null,"id":null,"name":null,"originalRecipients":[],"phone":null,"profileUrl":null,"registeredIntegrationServiceName":null,"revisionId":null,"serviceInfo":null,"subject":null,"supportsChannelback":null,"supportsClickthrough":null,"ticketId":null,"title":null,"topicId":null,"topicName":null,"username":null},"rel":null,"to":{"address":"poojan.trivedi@cloudsufi.com","facebookId":null,"formattedPhone":null,"name":"Poojan Trivedi","phone":null,"profileUrl":null,"username":null}}}}
{"attachments":[],"authorId":5594668335005,"body":"test","createdAt":"2022-07-04T08:07:44Z","htmlBody":"<div class=\"zd-comment\" dir=\"auto\"><p dir=\"auto\">test</p></div>","id":5775430560797,"plainBody":"test","public":true,"type":"Comment","via":{"channel":"web","source":{"from":{"address":null,"deleted":null,"facebookId":null,"formattedPhone":null,"id":null,"name":null,"originalRecipients":[],"phone":null,"profileUrl":null,"registeredIntegrationServiceName":null,"revisionId":null,"serviceInfo":null,"subject":null,"supportsChannelback":null,"supportsClickthrough":null,"ticketId":null,"title":null,"topicId":null,"topicName":null,"username":null},"rel":null,"to":{"address":"poojan.trivedi0208@gmail.com","facebookId":null,"formattedPhone":null,"name":"PoojanCustomer","phone":null,"profileUrl":null,"username":null}}}}
{"attachments":[],"authorId":5449860535965,"body":"test test test","createdAt":"2022-07-04T07:57:37Z","htmlBody":"<div class=\"zd-comment\" dir=\"auto\">test test test<br></div>","id":5775293650077,"plainBody":"test test test","public":true,"type":"Comment","via":{"channel":"web","source":{"from":{"address":null,"deleted":null,"facebookId":null,"formattedPhone":null,"id":null,"name":null,"originalRecipients":[],"phone":null,"profileUrl":null,"registeredIntegrationServiceName":null,"revisionId":null,"serviceInfo":null,"subject":null,"supportsChannelback":null,"supportsClickthrough":null,"ticketId":null,"title":null,"topicId":null,"topicName":null,"username":null},"rel":null,"to":{"address":"bhatnagarpriya007@gmail.com","facebookId":null,"formattedPhone":null,"name":"priya bhatnagar","phone":null,"profileUrl":null,"username":null}}}}
{"attachments":[],"authorId":393014065977,"body":"testing sla _ST","createdAt":"2022-07-04T08:21:22Z","htmlBody":"<div class=\"zd-comment\" dir=\"auto\">testing sla _ST<br></div>","id":5775716617885,"plainBody":"testing sla _ST","public":true,"type":"Comment","via":{"channel":"web","source":{"from":{"address":null,"deleted":null,"facebookId":null,"formattedPhone":null,"id":null,"name":null,"originalRecipients":[],"phone":null,"profileUrl":null,"registeredIntegrationServiceName":null,"revisionId":null,"serviceInfo":null,"subject":null,"supportsChannelback":null,"supportsClickthrough":null,"ticketId":null,"title":null,"topicId":null,"topicName":null,"username":null},"rel":null,"to":{"address":"bhatnagarpriya007@gmail.com","facebookId":null,"formattedPhone":null,"name":"priya bhatnagar","phone":null,"profileUrl":null,"username":null}}}}
{"attachments":[],"authorId":393014065977,"body":"second ticket","createdAt":"2022-07-04T08:22:06Z","htmlBody":"<div class=\"zd-comment\" dir=\"auto\">second ticket<br></div>","id":5775734803229,"plainBody":"second ticket","public":true,"type":"Comment","via":{"channel":"web","source":{"from":{"address":null,"deleted":null,"facebookId":null,"formattedPhone":null,"id":null,"name":null,"originalRecipients":[],"phone":null,"profileUrl":null,"registeredIntegrationServiceName":null,"revisionId":null,"serviceInfo":null,"subject":null,"supportsChannelback":null,"supportsClickthrough":null,"ticketId":null,"title":null,"topicId":null,"topicName":null,"username":null},"rel":null,"to":{"address":"bhatnagarpriya007@gmail.com","facebookId":null,"formattedPhone":null,"name":"priya bhatnagar","phone":null,"profileUrl":null,"username":null}}}}
{"attachments":[],"authorId":393014065977,"body":"sla test time","createdAt":"2022-07-04T08:25:17Z","htmlBody":"<div class=\"zd-comment\" dir=\"auto\">sla test time<br></div>","id":5775786107933,"plainBody":"sla test time","public":true,"type":"Comment","via":{"channel":"web","source":{"from":{"address":null,"deleted":null,"facebookId":null,"formattedPhone":null,"id":null,"name":null,"originalRecipients":[],"phone":null,"profileUrl":null,"registeredIntegrationServiceName":null,"revisionId":null,"serviceInfo":null,"subject":null,"supportsChannelback":null,"supportsClickthrough":null,"ticketId":null,"title":null,"topicId":null,"topicName":null,"username":null},"rel":null,"to":{"address":"bhatnagarpriya007@gmail.com","facebookId":null,"formattedPhone":null,"name":"priya bhatnagar","phone":null,"profileUrl":null,"username":null}}}}
